node.exe : npm warn U
nknown project config
 "allow-build-scripts
". This will stop wor
king in the next majo
r version of npm.
位於 C:\Program Files\n
odejs\npx.ps1:29 字元:3
+   & $NODE_EXE $NPX_
CLI_JS $args
+   ~~~~~~~~~~~~~~~~~
~~~~~~~~~~~~
    + CategoryInfo   
           : NotSpe  
  cified: (npm war   
 n Unknow...versi    
on of npm.:Strin    g
) [], RemoteExc    ep
tion
    + FullyQualified 
   ErrorId : Native  
  CommandError
 
src/agents/pi-embedded-runner/system-prompt.ts(49,3): error TS2322: Type 'Promise<string>' is not assignable to type 'string'.
src/agents/prompt-engine/clawd-matrix.ts(44,51): error TS2339: Property 'route' does not exist on type 'Triangulator'.
src/agents/prompt-engine/clawd-matrix.ts(47,41): error TS2339: Property 'load' does not exist on type 'SkillsLoader'.
src/agents/prompt-engine/clawd-matrix.ts(50,40): error TS2339: Property 'inject' does not exist on type 'SkillInjector'.
src/agents/prompt-engine/clawd-matrix.ts(65,24): error TS2339: Property 'intent' does not exist on type 'IntentContext'.
src/agents/prompt-engine/clawd-matrix.ts(72,11): error TS2339: Property 'systemInstructionOverride' does not exist on type 'IntentContext'.
src/auto-reply/reply/commands-context-report.ts(165,5): error TS2322: Type 'Promise<string>' is not assignable to type 'string'.
